// Vitest Snapshot v1, https://vitest.dev/guide/snapshot.html

exports[`Image snapshot 1`] = `
<div>
  <figure>
     
  </figure>
</div>
`;
