// Vitest Snapshot v1, https://vitest.dev/guide/snapshot.html

exports[`Snackbar snapshot 1`] = `
<div>
  
</div>
`;
