// Vitest Snapshot v1, https://vitest.dev/guide/snapshot.html

exports[`TopAppBar snapshot 1`] = `
<div>
  <nav
    class="bg-surface text-on-surface sticky top-0 z-10 h-12 gap-2 transition-shadow"
  >
    <div
      class="h-full"
    >
      <div
        class="flex h-full items-center justify-between gap-4"
      >
        <div>
          <button
            class="cursor-pointer inline-flex items-center justify-center shape-full typo-label-medium h-10 w-10 text-[1em] text-primary state-layers state-layer-hover-on-surface-variant state-layer-focus-on-surface-variant disabled:text-on-surface/38"
          >
            <span
              class="jeti-icon svelte-1pzkbd4"
            >
              menu
            </span>
          </button>
          
        </div>
         
      </div>
    </div>
  </nav>
</div>
`;
